.next/types/app/(dashboard)/admin/announcements/[id]/edit/page.ts(2,24): error TS2306: File 'C:/Users/Gkulah/Desktop/goos-next.js/goos-web-next.js/src/app/(dashboard)/admin/announcements/[id]/edit/page.tsx' is not a module.
.next/types/app/(dashboard)/admin/announcements/[id]/edit/page.ts(5,29): error TS2306: File 'C:/Users/Gkulah/Desktop/goos-next.js/goos-web-next.js/src/app/(dashboard)/admin/announcements/[id]/edit/page.tsx' is not a module.
.next/types/app/(dashboard)/admin/announcements/[id]/page.ts(2,24): error TS2306: File 'C:/Users/Gkulah/Desktop/goos-next.js/goos-web-next.js/src/app/(dashboard)/admin/announcements/[id]/page.tsx' is not a module.
.next/types/app/(dashboard)/admin/announcements/[id]/page.ts(5,29): error TS2306: File 'C:/Users/Gkulah/Desktop/goos-next.js/goos-web-next.js/src/app/(dashboard)/admin/announcements/[id]/page.tsx' is not a module.
.next/types/app/(dashboard)/admin/announcements/create/page.ts(2,24): error TS2306: File 'C:/Users/Gkulah/Desktop/goos-next.js/goos-web-next.js/src/app/(dashboard)/admin/announcements/create/page.tsx' is not a module.
.next/types/app/(dashboard)/admin/announcements/create/page.ts(5,29): error TS2306: File 'C:/Users/Gkulah/Desktop/goos-next.js/goos-web-next.js/src/app/(dashboard)/admin/announcements/create/page.tsx' is not a module.
.next/types/app/(dashboard)/admin/announcements/page.ts(2,24): error TS2306: File 'C:/Users/Gkulah/Desktop/goos-next.js/goos-web-next.js/src/app/(dashboard)/admin/announcements/page.tsx' is not a module.
.next/types/app/(dashboard)/admin/announcements/page.ts(5,29): error TS2306: File 'C:/Users/Gkulah/Desktop/goos-next.js/goos-web-next.js/src/app/(dashboard)/admin/announcements/page.tsx' is not a module.
.next/types/app/(dashboard)/admin/appointments/[id]/page.ts(2,24): error TS2306: File 'C:/Users/Gkulah/Desktop/goos-next.js/goos-web-next.js/src/app/(dashboard)/admin/appointments/[id]/page.tsx' is not a module.
.next/types/app/(dashboard)/admin/appointments/[id]/page.ts(5,29): error TS2306: File 'C:/Users/Gkulah/Desktop/goos-next.js/goos-web-next.js/src/app/(dashboard)/admin/appointments/[id]/page.tsx' is not a module.
.next/types/app/(dashboard)/admin/appointments/page.ts(2,24): error TS2306: File 'C:/Users/Gkulah/Desktop/goos-next.js/goos-web-next.js/src/app/(dashboard)/admin/appointments/page.tsx' is not a module.
.next/types/app/(dashboard)/admin/appointments/page.ts(5,29): error TS2306: File 'C:/Users/Gkulah/Desktop/goos-next.js/goos-web-next.js/src/app/(dashboard)/admin/appointments/page.tsx' is not a module.
.next/types/app/(dashboard)/admin/canteen/balance/add/page.ts(2,24): error TS2306: File 'C:/Users/Gkulah/Desktop/goos-next.js/goos-web-next.js/src/app/(dashboard)/admin/canteen/balance/add/page.tsx' is not a module.
.next/types/app/(dashboard)/admin/canteen/balance/add/page.ts(5,29): error TS2306: File 'C:/Users/Gkulah/Desktop/goos-next.js/goos-web-next.js/src/app/(dashboard)/admin/canteen/balance/add/page.tsx' is not a module.
.next/types/app/(dashboard)/admin/canteen/balance/page.ts(2,24): error TS2306: File 'C:/Users/Gkulah/Desktop/goos-next.js/goos-web-next.js/src/app/(dashboard)/admin/canteen/balance/page.tsx' is not a module.
.next/types/app/(dashboard)/admin/canteen/balance/page.ts(5,29): error TS2306: File 'C:/Users/Gkulah/Desktop/goos-next.js/goos-web-next.js/src/app/(dashboard)/admin/canteen/balance/page.tsx' is not a module.
.next/types/app/(dashboard)/admin/canteen/categories/create/page.ts(2,24): error TS2306: File 'C:/Users/Gkulah/Desktop/goos-next.js/goos-web-next.js/src/app/(dashboard)/admin/canteen/categories/create/page.tsx' is not a module.
.next/types/app/(dashboard)/admin/canteen/categories/create/page.ts(5,29): error TS2306: File 'C:/Users/Gkulah/Desktop/goos-next.js/goos-web-next.js/src/app/(dashboard)/admin/canteen/categories/create/page.tsx' is not a module.
.next/types/app/(dashboard)/admin/canteen/categories/page.ts(2,24): error TS2306: File 'C:/Users/Gkulah/Desktop/goos-next.js/goos-web-next.js/src/app/(dashboard)/admin/canteen/categories/page.tsx' is not a module.
.next/types/app/(dashboard)/admin/canteen/categories/page.ts(5,29): error TS2306: File 'C:/Users/Gkulah/Desktop/goos-next.js/goos-web-next.js/src/app/(dashboard)/admin/canteen/categories/page.tsx' is not a module.
.next/types/app/(dashboard)/admin/canteen/orders/[id]/page.ts(2,24): error TS2306: File 'C:/Users/Gkulah/Desktop/goos-next.js/goos-web-next.js/src/app/(dashboard)/admin/canteen/orders/[id]/page.tsx' is not a module.
.next/types/app/(dashboard)/admin/canteen/orders/[id]/page.ts(5,29): error TS2306: File 'C:/Users/Gkulah/Desktop/goos-next.js/goos-web-next.js/src/app/(dashboard)/admin/canteen/orders/[id]/page.tsx' is not a module.
.next/types/app/(dashboard)/admin/canteen/orders/page.ts(2,24): error TS2306: File 'C:/Users/Gkulah/Desktop/goos-next.js/goos-web-next.js/src/app/(dashboard)/admin/canteen/orders/page.tsx' is not a module.
.next/types/app/(dashboard)/admin/canteen/orders/page.ts(5,29): error TS2306: File 'C:/Users/Gkulah/Desktop/goos-next.js/goos-web-next.js/src/app/(dashboard)/admin/canteen/orders/page.tsx' is not a module.
.next/types/app/(dashboard)/admin/canteen/page.ts(2,24): error TS2306: File 'C:/Users/Gkulah/Desktop/goos-next.js/goos-web-next.js/src/app/(dashboard)/admin/canteen/page.tsx' is not a module.
.next/types/app/(dashboard)/admin/canteen/page.ts(5,29): error TS2306: File 'C:/Users/Gkulah/Desktop/goos-next.js/goos-web-next.js/src/app/(dashboard)/admin/canteen/page.tsx' is not a module.
.next/types/app/(dashboard)/admin/canteen/products/[id]/edit/page.ts(2,24): error TS2306: File 'C:/Users/Gkulah/Desktop/goos-next.js/goos-web-next.js/src/app/(dashboard)/admin/canteen/products/[id]/edit/page.tsx' is not a module.
.next/types/app/(dashboard)/admin/canteen/products/[id]/edit/page.ts(5,29): error TS2306: File 'C:/Users/Gkulah/Desktop/goos-next.js/goos-web-next.js/src/app/(dashboard)/admin/canteen/products/[id]/edit/page.tsx' is not a module.
.next/types/app/(dashboard)/admin/canteen/products/[id]/page.ts(2,24): error TS2306: File 'C:/Users/Gkulah/Desktop/goos-next.js/goos-web-next.js/src/app/(dashboard)/admin/canteen/products/[id]/page.tsx' is not a module.
.next/types/app/(dashboard)/admin/canteen/products/[id]/page.ts(5,29): error TS2306: File 'C:/Users/Gkulah/Desktop/goos-next.js/goos-web-next.js/src/app/(dashboard)/admin/canteen/products/[id]/page.tsx' is not a module.
.next/types/app/(dashboard)/admin/canteen/products/create/page.ts(2,24): error TS2306: File 'C:/Users/Gkulah/Desktop/goos-next.js/goos-web-next.js/src/app/(dashboard)/admin/canteen/products/create/page.tsx' is not a module.
.next/types/app/(dashboard)/admin/canteen/products/create/page.ts(5,29): error TS2306: File 'C:/Users/Gkulah/Desktop/goos-next.js/goos-web-next.js/src/app/(dashboard)/admin/canteen/products/create/page.tsx' is not a module.
.next/types/app/(dashboard)/admin/canteen/products/page.ts(2,24): error TS2306: File 'C:/Users/Gkulah/Desktop/goos-next.js/goos-web-next.js/src/app/(dashboard)/admin/canteen/products/page.tsx' is not a module.
.next/types/app/(dashboard)/admin/canteen/products/page.ts(5,29): error TS2306: File 'C:/Users/Gkulah/Desktop/goos-next.js/goos-web-next.js/src/app/(dashboard)/admin/canteen/products/page.tsx' is not a module.
.next/types/app/(dashboard)/admin/classes/[id]/edit/page.ts(2,24): error TS2306: File 'C:/Users/Gkulah/Desktop/goos-next.js/goos-web-next.js/src/app/(dashboard)/admin/classes/[id]/edit/page.tsx' is not a module.
.next/types/app/(dashboard)/admin/classes/[id]/edit/page.ts(5,29): error TS2306: File 'C:/Users/Gkulah/Desktop/goos-next.js/goos-web-next.js/src/app/(dashboard)/admin/classes/[id]/edit/page.tsx' is not a module.
.next/types/app/(dashboard)/admin/classes/[id]/page.ts(2,24): error TS2306: File 'C:/Users/Gkulah/Desktop/goos-next.js/goos-web-next.js/src/app/(dashboard)/admin/classes/[id]/page.tsx' is not a module.
.next/types/app/(dashboard)/admin/classes/[id]/page.ts(5,29): error TS2306: File 'C:/Users/Gkulah/Desktop/goos-next.js/goos-web-next.js/src/app/(dashboard)/admin/classes/[id]/page.tsx' is not a module.
.next/types/app/(dashboard)/admin/classes/[id]/schedule/page.ts(2,24): error TS2306: File 'C:/Users/Gkulah/Desktop/goos-next.js/goos-web-next.js/src/app/(dashboard)/admin/classes/[id]/schedule/page.tsx' is not a module.
.next/types/app/(dashboard)/admin/classes/[id]/schedule/page.ts(5,29): error TS2306: File 'C:/Users/Gkulah/Desktop/goos-next.js/goos-web-next.js/src/app/(dashboard)/admin/classes/[id]/schedule/page.tsx' is not a module.
.next/types/app/(dashboard)/admin/classes/[id]/students/page.ts(2,24): error TS2306: File 'C:/Users/Gkulah/Desktop/goos-next.js/goos-web-next.js/src/app/(dashboard)/admin/classes/[id]/students/page.tsx' is not a module.
.next/types/app/(dashboard)/admin/classes/[id]/students/page.ts(5,29): error TS2306: File 'C:/Users/Gkulah/Desktop/goos-next.js/goos-web-next.js/src/app/(dashboard)/admin/classes/[id]/students/page.tsx' is not a module.
.next/types/app/(dashboard)/admin/classes/create/page.ts(2,24): error TS2306: File 'C:/Users/Gkulah/Desktop/goos-next.js/goos-web-next.js/src/app/(dashboard)/admin/classes/create/page.tsx' is not a module.
.next/types/app/(dashboard)/admin/classes/create/page.ts(5,29): error TS2306: File 'C:/Users/Gkulah/Desktop/goos-next.js/goos-web-next.js/src/app/(dashboard)/admin/classes/create/page.tsx' is not a module.
.next/types/app/(dashboard)/admin/classes/page.ts(2,24): error TS2306: File 'C:/Users/Gkulah/Desktop/goos-next.js/goos-web-next.js/src/app/(dashboard)/admin/classes/page.tsx' is not a module.
.next/types/app/(dashboard)/admin/classes/page.ts(5,29): error TS2306: File 'C:/Users/Gkulah/Desktop/goos-next.js/goos-web-next.js/src/app/(dashboard)/admin/classes/page.tsx' is not a module.
.next/types/app/(dashboard)/admin/courses/[id]/assign/page.ts(2,24): error TS2306: File 'C:/Users/Gkulah/Desktop/goos-next.js/goos-web-next.js/src/app/(dashboard)/admin/courses/[id]/assign/page.tsx' is not a module.
.next/types/app/(dashboard)/admin/courses/[id]/assign/page.ts(5,29): error TS2306: File 'C:/Users/Gkulah/Desktop/goos-next.js/goos-web-next.js/src/app/(dashboard)/admin/courses/[id]/assign/page.tsx' is not a module.
.next/types/app/(dashboard)/admin/courses/[id]/edit/page.ts(2,24): error TS2306: File 'C:/Users/Gkulah/Desktop/goos-next.js/goos-web-next.js/src/app/(dashboard)/admin/courses/[id]/edit/page.tsx' is not a module.
.next/types/app/(dashboard)/admin/courses/[id]/edit/page.ts(5,29): error TS2306: File 'C:/Users/Gkulah/Desktop/goos-next.js/goos-web-next.js/src/app/(dashboard)/admin/courses/[id]/edit/page.tsx' is not a module.
.next/types/app/(dashboard)/admin/courses/[id]/page.ts(2,24): error TS2306: File 'C:/Users/Gkulah/Desktop/goos-next.js/goos-web-next.js/src/app/(dashboard)/admin/courses/[id]/page.tsx' is not a module.
.next/types/app/(dashboard)/admin/courses/[id]/page.ts(5,29): error TS2306: File 'C:/Users/Gkulah/Desktop/goos-next.js/goos-web-next.js/src/app/(dashboard)/admin/courses/[id]/page.tsx' is not a module.
.next/types/app/(dashboard)/admin/courses/create/page.ts(2,24): error TS2306: File 'C:/Users/Gkulah/Desktop/goos-next.js/goos-web-next.js/src/app/(dashboard)/admin/courses/create/page.tsx' is not a module.
.next/types/app/(dashboard)/admin/courses/create/page.ts(5,29): error TS2306: File 'C:/Users/Gkulah/Desktop/goos-next.js/goos-web-next.js/src/app/(dashboard)/admin/courses/create/page.tsx' is not a module.
.next/types/app/(dashboard)/admin/courses/page.ts(2,24): error TS2306: File 'C:/Users/Gkulah/Desktop/goos-next.js/goos-web-next.js/src/app/(dashboard)/admin/courses/page.tsx' is not a module.
.next/types/app/(dashboard)/admin/courses/page.ts(5,29): error TS2306: File 'C:/Users/Gkulah/Desktop/goos-next.js/goos-web-next.js/src/app/(dashboard)/admin/courses/page.tsx' is not a module.
.next/types/app/(dashboard)/admin/events/[id]/edit/page.ts(2,24): error TS2306: File 'C:/Users/Gkulah/Desktop/goos-next.js/goos-web-next.js/src/app/(dashboard)/admin/events/[id]/edit/page.tsx' is not a module.
.next/types/app/(dashboard)/admin/events/[id]/edit/page.ts(5,29): error TS2306: File 'C:/Users/Gkulah/Desktop/goos-next.js/goos-web-next.js/src/app/(dashboard)/admin/events/[id]/edit/page.tsx' is not a module.
.next/types/app/(dashboard)/admin/events/[id]/page.ts(2,24): error TS2306: File 'C:/Users/Gkulah/Desktop/goos-next.js/goos-web-next.js/src/app/(dashboard)/admin/events/[id]/page.tsx' is not a module.
.next/types/app/(dashboard)/admin/events/[id]/page.ts(5,29): error TS2306: File 'C:/Users/Gkulah/Desktop/goos-next.js/goos-web-next.js/src/app/(dashboard)/admin/events/[id]/page.tsx' is not a module.
.next/types/app/(dashboard)/admin/events/[id]/participants/page.ts(2,24): error TS2306: File 'C:/Users/Gkulah/Desktop/goos-next.js/goos-web-next.js/src/app/(dashboard)/admin/events/[id]/participants/page.tsx' is not a module.
.next/types/app/(dashboard)/admin/events/[id]/participants/page.ts(5,29): error TS2306: File 'C:/Users/Gkulah/Desktop/goos-next.js/goos-web-next.js/src/app/(dashboard)/admin/events/[id]/participants/page.tsx' is not a module.
.next/types/app/(dashboard)/admin/events/create/page.ts(2,24): error TS2306: File 'C:/Users/Gkulah/Desktop/goos-next.js/goos-web-next.js/src/app/(dashboard)/admin/events/create/page.tsx' is not a module.
.next/types/app/(dashboard)/admin/events/create/page.ts(5,29): error TS2306: File 'C:/Users/Gkulah/Desktop/goos-next.js/goos-web-next.js/src/app/(dashboard)/admin/events/create/page.tsx' is not a module.
.next/types/app/(dashboard)/admin/events/page.ts(2,24): error TS2306: File 'C:/Users/Gkulah/Desktop/goos-next.js/goos-web-next.js/src/app/(dashboard)/admin/events/page.tsx' is not a module.
.next/types/app/(dashboard)/admin/events/page.ts(5,29): error TS2306: File 'C:/Users/Gkulah/Desktop/goos-next.js/goos-web-next.js/src/app/(dashboard)/admin/events/page.tsx' is not a module.
.next/types/app/(dashboard)/admin/finance/categories/create/page.ts(2,24): error TS2306: File 'C:/Users/Gkulah/Desktop/goos-next.js/goos-web-next.js/src/app/(dashboard)/admin/finance/categories/create/page.tsx' is not a module.
.next/types/app/(dashboard)/admin/finance/categories/create/page.ts(5,29): error TS2306: File 'C:/Users/Gkulah/Desktop/goos-next.js/goos-web-next.js/src/app/(dashboard)/admin/finance/categories/create/page.tsx' is not a module.
.next/types/app/(dashboard)/admin/finance/categories/page.ts(2,24): error TS2306: File 'C:/Users/Gkulah/Desktop/goos-next.js/goos-web-next.js/src/app/(dashboard)/admin/finance/categories/page.tsx' is not a module.
.next/types/app/(dashboard)/admin/finance/categories/page.ts(5,29): error TS2306: File 'C:/Users/Gkulah/Desktop/goos-next.js/goos-web-next.js/src/app/(dashboard)/admin/finance/categories/page.tsx' is not a module.
.next/types/app/(dashboard)/admin/finance/debts/[studentId]/page.ts(2,24): error TS2306: File 'C:/Users/Gkulah/Desktop/goos-next.js/goos-web-next.js/src/app/(dashboard)/admin/finance/debts/[studentId]/page.tsx' is not a module.
.next/types/app/(dashboard)/admin/finance/debts/[studentId]/page.ts(5,29): error TS2306: File 'C:/Users/Gkulah/Desktop/goos-next.js/goos-web-next.js/src/app/(dashboard)/admin/finance/debts/[studentId]/page.tsx' is not a module.
.next/types/app/(dashboard)/admin/finance/debts/[studentId]/payment/page.ts(2,24): error TS2306: File 'C:/Users/Gkulah/Desktop/goos-next.js/goos-web-next.js/src/app/(dashboard)/admin/finance/debts/[studentId]/payment/page.tsx' is not a module.
.next/types/app/(dashboard)/admin/finance/debts/[studentId]/payment/page.ts(5,29): error TS2306: File 'C:/Users/Gkulah/Desktop/goos-next.js/goos-web-next.js/src/app/(dashboard)/admin/finance/debts/[studentId]/payment/page.tsx' is not a module.
.next/types/app/(dashboard)/admin/finance/debts/page.ts(2,24): error TS2306: File 'C:/Users/Gkulah/Desktop/goos-next.js/goos-web-next.js/src/app/(dashboard)/admin/finance/debts/page.tsx' is not a module.
.next/types/app/(dashboard)/admin/finance/debts/page.ts(5,29): error TS2306: File 'C:/Users/Gkulah/Desktop/goos-next.js/goos-web-next.js/src/app/(dashboard)/admin/finance/debts/page.tsx' is not a module.
.next/types/app/(dashboard)/admin/finance/page.ts(2,24): error TS2306: File 'C:/Users/Gkulah/Desktop/goos-next.js/goos-web-next.js/src/app/(dashboard)/admin/finance/page.tsx' is not a module.
.next/types/app/(dashboard)/admin/finance/page.ts(5,29): error TS2306: File 'C:/Users/Gkulah/Desktop/goos-next.js/goos-web-next.js/src/app/(dashboard)/admin/finance/page.tsx' is not a module.
.next/types/app/(dashboard)/admin/finance/plans/[id]/assign/page.ts(2,24): error TS2306: File 'C:/Users/Gkulah/Desktop/goos-next.js/goos-web-next.js/src/app/(dashboard)/admin/finance/plans/[id]/assign/page.tsx' is not a module.
.next/types/app/(dashboard)/admin/finance/plans/[id]/assign/page.ts(5,29): error TS2306: File 'C:/Users/Gkulah/Desktop/goos-next.js/goos-web-next.js/src/app/(dashboard)/admin/finance/plans/[id]/assign/page.tsx' is not a module.
.next/types/app/(dashboard)/admin/finance/plans/[id]/edit/page.ts(2,24): error TS2306: File 'C:/Users/Gkulah/Desktop/goos-next.js/goos-web-next.js/src/app/(dashboard)/admin/finance/plans/[id]/edit/page.tsx' is not a module.
.next/types/app/(dashboard)/admin/finance/plans/[id]/edit/page.ts(5,29): error TS2306: File 'C:/Users/Gkulah/Desktop/goos-next.js/goos-web-next.js/src/app/(dashboard)/admin/finance/plans/[id]/edit/page.tsx' is not a module.
.next/types/app/(dashboard)/admin/finance/plans/[id]/page.ts(2,24): error TS2306: File 'C:/Users/Gkulah/Desktop/goos-next.js/goos-web-next.js/src/app/(dashboard)/admin/finance/plans/[id]/page.tsx' is not a module.
.next/types/app/(dashboard)/admin/finance/plans/[id]/page.ts(5,29): error TS2306: File 'C:/Users/Gkulah/Desktop/goos-next.js/goos-web-next.js/src/app/(dashboard)/admin/finance/plans/[id]/page.tsx' is not a module.
.next/types/app/(dashboard)/admin/finance/plans/create/page.ts(2,24): error TS2306: File 'C:/Users/Gkulah/Desktop/goos-next.js/goos-web-next.js/src/app/(dashboard)/admin/finance/plans/create/page.tsx' is not a module.
.next/types/app/(dashboard)/admin/finance/plans/create/page.ts(5,29): error TS2306: File 'C:/Users/Gkulah/Desktop/goos-next.js/goos-web-next.js/src/app/(dashboard)/admin/finance/plans/create/page.tsx' is not a module.
.next/types/app/(dashboard)/admin/finance/plans/page.ts(2,24): error TS2306: File 'C:/Users/Gkulah/Desktop/goos-next.js/goos-web-next.js/src/app/(dashboard)/admin/finance/plans/page.tsx' is not a module.
.next/types/app/(dashboard)/admin/finance/plans/page.ts(5,29): error TS2306: File 'C:/Users/Gkulah/Desktop/goos-next.js/goos-web-next.js/src/app/(dashboard)/admin/finance/plans/page.tsx' is not a module.
.next/types/app/(dashboard)/admin/finance/transactions/[id]/page.ts(2,24): error TS2306: File 'C:/Users/Gkulah/Desktop/goos-next.js/goos-web-next.js/src/app/(dashboard)/admin/finance/transactions/[id]/page.tsx' is not a module.
.next/types/app/(dashboard)/admin/finance/transactions/[id]/page.ts(5,29): error TS2306: File 'C:/Users/Gkulah/Desktop/goos-next.js/goos-web-next.js/src/app/(dashboard)/admin/finance/transactions/[id]/page.tsx' is not a module.
.next/types/app/(dashboard)/admin/finance/transactions/page.ts(2,24): error TS2306: File 'C:/Users/Gkulah/Desktop/goos-next.js/goos-web-next.js/src/app/(dashboard)/admin/finance/transactions/page.tsx' is not a module.
.next/types/app/(dashboard)/admin/finance/transactions/page.ts(5,29): error TS2306: File 'C:/Users/Gkulah/Desktop/goos-next.js/goos-web-next.js/src/app/(dashboard)/admin/finance/transactions/page.tsx' is not a module.
.next/types/app/(dashboard)/admin/leave-requests/[id]/page.ts(2,24): error TS2306: File 'C:/Users/Gkulah/Desktop/goos-next.js/goos-web-next.js/src/app/(dashboard)/admin/leave-requests/[id]/page.tsx' is not a module.
.next/types/app/(dashboard)/admin/leave-requests/[id]/page.ts(5,29): error TS2306: File 'C:/Users/Gkulah/Desktop/goos-next.js/goos-web-next.js/src/app/(dashboard)/admin/leave-requests/[id]/page.tsx' is not a module.
.next/types/app/(dashboard)/admin/leave-requests/page.ts(2,24): error TS2306: File 'C:/Users/Gkulah/Desktop/goos-next.js/goos-web-next.js/src/app/(dashboard)/admin/leave-requests/page.tsx' is not a module.
.next/types/app/(dashboard)/admin/leave-requests/page.ts(5,29): error TS2306: File 'C:/Users/Gkulah/Desktop/goos-next.js/goos-web-next.js/src/app/(dashboard)/admin/leave-requests/page.tsx' is not a module.
.next/types/app/(dashboard)/admin/notifications/page.ts(2,24): error TS2306: File 'C:/Users/Gkulah/Desktop/goos-next.js/goos-web-next.js/src/app/(dashboard)/admin/notifications/page.tsx' is not a module.
.next/types/app/(dashboard)/admin/notifications/page.ts(5,29): error TS2306: File 'C:/Users/Gkulah/Desktop/goos-next.js/goos-web-next.js/src/app/(dashboard)/admin/notifications/page.tsx' is not a module.
.next/types/app/(dashboard)/admin/notifications/send/page.ts(2,24): error TS2306: File 'C:/Users/Gkulah/Desktop/goos-next.js/goos-web-next.js/src/app/(dashboard)/admin/notifications/send/page.tsx' is not a module.
.next/types/app/(dashboard)/admin/notifications/send/page.ts(5,29): error TS2306: File 'C:/Users/Gkulah/Desktop/goos-next.js/goos-web-next.js/src/app/(dashboard)/admin/notifications/send/page.tsx' is not a module.
.next/types/app/(dashboard)/admin/parents/[id]/edit/page.ts(2,24): error TS2306: File 'C:/Users/Gkulah/Desktop/goos-next.js/goos-web-next.js/src/app/(dashboard)/admin/parents/[id]/edit/page.tsx' is not a module.
.next/types/app/(dashboard)/admin/parents/[id]/edit/page.ts(5,29): error TS2306: File 'C:/Users/Gkulah/Desktop/goos-next.js/goos-web-next.js/src/app/(dashboard)/admin/parents/[id]/edit/page.tsx' is not a module.
.next/types/app/(dashboard)/admin/parents/[id]/page.ts(2,24): error TS2306: File 'C:/Users/Gkulah/Desktop/goos-next.js/goos-web-next.js/src/app/(dashboard)/admin/parents/[id]/page.tsx' is not a module.
.next/types/app/(dashboard)/admin/parents/[id]/page.ts(5,29): error TS2306: File 'C:/Users/Gkulah/Desktop/goos-next.js/goos-web-next.js/src/app/(dashboard)/admin/parents/[id]/page.tsx' is not a module.
.next/types/app/(dashboard)/admin/parents/create/page.ts(2,24): error TS2306: File 'C:/Users/Gkulah/Desktop/goos-next.js/goos-web-next.js/src/app/(dashboard)/admin/parents/create/page.tsx' is not a module.
.next/types/app/(dashboard)/admin/parents/create/page.ts(5,29): error TS2306: File 'C:/Users/Gkulah/Desktop/goos-next.js/goos-web-next.js/src/app/(dashboard)/admin/parents/create/page.tsx' is not a module.
.next/types/app/(dashboard)/admin/parents/page.ts(2,24): error TS2306: File 'C:/Users/Gkulah/Desktop/goos-next.js/goos-web-next.js/src/app/(dashboard)/admin/parents/page.tsx' is not a module.
.next/types/app/(dashboard)/admin/parents/page.ts(5,29): error TS2306: File 'C:/Users/Gkulah/Desktop/goos-next.js/goos-web-next.js/src/app/(dashboard)/admin/parents/page.tsx' is not a module.
.next/types/app/(dashboard)/admin/reports/academic/attendance/page.ts(2,24): error TS2306: File 'C:/Users/Gkulah/Desktop/goos-next.js/goos-web-next.js/src/app/(dashboard)/admin/reports/academic/attendance/page.tsx' is not a module.
.next/types/app/(dashboard)/admin/reports/academic/attendance/page.ts(5,29): error TS2306: File 'C:/Users/Gkulah/Desktop/goos-next.js/goos-web-next.js/src/app/(dashboard)/admin/reports/academic/attendance/page.tsx' is not a module.
.next/types/app/(dashboard)/admin/reports/academic/class-performance/page.ts(2,24): error TS2306: File 'C:/Users/Gkulah/Desktop/goos-next.js/goos-web-next.js/src/app/(dashboard)/admin/reports/academic/class-performance/page.tsx' is not a module.
.next/types/app/(dashboard)/admin/reports/academic/class-performance/page.ts(5,29): error TS2306: File 'C:/Users/Gkulah/Desktop/goos-next.js/goos-web-next.js/src/app/(dashboard)/admin/reports/academic/class-performance/page.tsx' is not a module.
.next/types/app/(dashboard)/admin/reports/academic/grades/page.ts(2,24): error TS2306: File 'C:/Users/Gkulah/Desktop/goos-next.js/goos-web-next.js/src/app/(dashboard)/admin/reports/academic/grades/page.tsx' is not a module.
.next/types/app/(dashboard)/admin/reports/academic/grades/page.ts(5,29): error TS2306: File 'C:/Users/Gkulah/Desktop/goos-next.js/goos-web-next.js/src/app/(dashboard)/admin/reports/academic/grades/page.tsx' is not a module.
.next/types/app/(dashboard)/admin/reports/academic/page.ts(2,24): error TS2306: File 'C:/Users/Gkulah/Desktop/goos-next.js/goos-web-next.js/src/app/(dashboard)/admin/reports/academic/page.tsx' is not a module.
.next/types/app/(dashboard)/admin/reports/academic/page.ts(5,29): error TS2306: File 'C:/Users/Gkulah/Desktop/goos-next.js/goos-web-next.js/src/app/(dashboard)/admin/reports/academic/page.tsx' is not a module.
.next/types/app/(dashboard)/admin/reports/finance/canteen/page.ts(2,24): error TS2306: File 'C:/Users/Gkulah/Desktop/goos-next.js/goos-web-next.js/src/app/(dashboard)/admin/reports/finance/canteen/page.tsx' is not a module.
.next/types/app/(dashboard)/admin/reports/finance/canteen/page.ts(5,29): error TS2306: File 'C:/Users/Gkulah/Desktop/goos-next.js/goos-web-next.js/src/app/(dashboard)/admin/reports/finance/canteen/page.tsx' is not a module.
.next/types/app/(dashboard)/admin/reports/finance/debts/page.ts(2,24): error TS2306: File 'C:/Users/Gkulah/Desktop/goos-next.js/goos-web-next.js/src/app/(dashboard)/admin/reports/finance/debts/page.tsx' is not a module.
.next/types/app/(dashboard)/admin/reports/finance/debts/page.ts(5,29): error TS2306: File 'C:/Users/Gkulah/Desktop/goos-next.js/goos-web-next.js/src/app/(dashboard)/admin/reports/finance/debts/page.tsx' is not a module.
.next/types/app/(dashboard)/admin/reports/finance/page.ts(2,24): error TS2306: File 'C:/Users/Gkulah/Desktop/goos-next.js/goos-web-next.js/src/app/(dashboard)/admin/reports/finance/page.tsx' is not a module.
.next/types/app/(dashboard)/admin/reports/finance/page.ts(5,29): error TS2306: File 'C:/Users/Gkulah/Desktop/goos-next.js/goos-web-next.js/src/app/(dashboard)/admin/reports/finance/page.tsx' is not a module.
.next/types/app/(dashboard)/admin/reports/finance/payments/page.ts(2,24): error TS2306: File 'C:/Users/Gkulah/Desktop/goos-next.js/goos-web-next.js/src/app/(dashboard)/admin/reports/finance/payments/page.tsx' is not a module.
.next/types/app/(dashboard)/admin/reports/finance/payments/page.ts(5,29): error TS2306: File 'C:/Users/Gkulah/Desktop/goos-next.js/goos-web-next.js/src/app/(dashboard)/admin/reports/finance/payments/page.tsx' is not a module.
.next/types/app/(dashboard)/admin/reports/page.ts(2,24): error TS2306: File 'C:/Users/Gkulah/Desktop/goos-next.js/goos-web-next.js/src/app/(dashboard)/admin/reports/page.tsx' is not a module.
.next/types/app/(dashboard)/admin/reports/page.ts(5,29): error TS2306: File 'C:/Users/Gkulah/Desktop/goos-next.js/goos-web-next.js/src/app/(dashboard)/admin/reports/page.tsx' is not a module.
.next/types/app/(dashboard)/admin/semesters/[id]/edit/page.ts(2,24): error TS2306: File 'C:/Users/Gkulah/Desktop/goos-next.js/goos-web-next.js/src/app/(dashboard)/admin/semesters/[id]/edit/page.tsx' is not a module.
.next/types/app/(dashboard)/admin/semesters/[id]/edit/page.ts(5,29): error TS2306: File 'C:/Users/Gkulah/Desktop/goos-next.js/goos-web-next.js/src/app/(dashboard)/admin/semesters/[id]/edit/page.tsx' is not a module.
.next/types/app/(dashboard)/admin/semesters/[id]/page.ts(2,24): error TS2306: File 'C:/Users/Gkulah/Desktop/goos-next.js/goos-web-next.js/src/app/(dashboard)/admin/semesters/[id]/page.tsx' is not a module.
.next/types/app/(dashboard)/admin/semesters/[id]/page.ts(5,29): error TS2306: File 'C:/Users/Gkulah/Desktop/goos-next.js/goos-web-next.js/src/app/(dashboard)/admin/semesters/[id]/page.tsx' is not a module.
.next/types/app/(dashboard)/admin/semesters/create/page.ts(2,24): error TS2306: File 'C:/Users/Gkulah/Desktop/goos-next.js/goos-web-next.js/src/app/(dashboard)/admin/semesters/create/page.tsx' is not a module.
.next/types/app/(dashboard)/admin/semesters/create/page.ts(5,29): error TS2306: File 'C:/Users/Gkulah/Desktop/goos-next.js/goos-web-next.js/src/app/(dashboard)/admin/semesters/create/page.tsx' is not a module.
.next/types/app/(dashboard)/admin/semesters/page.ts(2,24): error TS2306: File 'C:/Users/Gkulah/Desktop/goos-next.js/goos-web-next.js/src/app/(dashboard)/admin/semesters/page.tsx' is not a module.
.next/types/app/(dashboard)/admin/semesters/page.ts(5,29): error TS2306: File 'C:/Users/Gkulah/Desktop/goos-next.js/goos-web-next.js/src/app/(dashboard)/admin/semesters/page.tsx' is not a module.
.next/types/app/(dashboard)/admin/settings/general/page.ts(2,24): error TS2306: File 'C:/Users/Gkulah/Desktop/goos-next.js/goos-web-next.js/src/app/(dashboard)/admin/settings/general/page.tsx' is not a module.
.next/types/app/(dashboard)/admin/settings/general/page.ts(5,29): error TS2306: File 'C:/Users/Gkulah/Desktop/goos-next.js/goos-web-next.js/src/app/(dashboard)/admin/settings/general/page.tsx' is not a module.
.next/types/app/(dashboard)/admin/settings/notifications/page.ts(2,24): error TS2306: File 'C:/Users/Gkulah/Desktop/goos-next.js/goos-web-next.js/src/app/(dashboard)/admin/settings/notifications/page.tsx' is not a module.
.next/types/app/(dashboard)/admin/settings/notifications/page.ts(5,29): error TS2306: File 'C:/Users/Gkulah/Desktop/goos-next.js/goos-web-next.js/src/app/(dashboard)/admin/settings/notifications/page.tsx' is not a module.
.next/types/app/(dashboard)/admin/settings/page.ts(2,24): error TS2306: File 'C:/Users/Gkulah/Desktop/goos-next.js/goos-web-next.js/src/app/(dashboard)/admin/settings/page.tsx' is not a module.
.next/types/app/(dashboard)/admin/settings/page.ts(5,29): error TS2306: File 'C:/Users/Gkulah/Desktop/goos-next.js/goos-web-next.js/src/app/(dashboard)/admin/settings/page.tsx' is not a module.
.next/types/app/(dashboard)/admin/settings/profile/page.ts(2,24): error TS2306: File 'C:/Users/Gkulah/Desktop/goos-next.js/goos-web-next.js/src/app/(dashboard)/admin/settings/profile/page.tsx' is not a module.
.next/types/app/(dashboard)/admin/settings/profile/page.ts(5,29): error TS2306: File 'C:/Users/Gkulah/Desktop/goos-next.js/goos-web-next.js/src/app/(dashboard)/admin/settings/profile/page.tsx' is not a module.
.next/types/app/(dashboard)/admin/settings/security/page.ts(2,24): error TS2306: File 'C:/Users/Gkulah/Desktop/goos-next.js/goos-web-next.js/src/app/(dashboard)/admin/settings/security/page.tsx' is not a module.
.next/types/app/(dashboard)/admin/settings/security/page.ts(5,29): error TS2306: File 'C:/Users/Gkulah/Desktop/goos-next.js/goos-web-next.js/src/app/(dashboard)/admin/settings/security/page.tsx' is not a module.
.next/types/app/(dashboard)/admin/students/[id]/edit/page.ts(2,24): error TS2306: File 'C:/Users/Gkulah/Desktop/goos-next.js/goos-web-next.js/src/app/(dashboard)/admin/students/[id]/edit/page.tsx' is not a module.
.next/types/app/(dashboard)/admin/students/[id]/edit/page.ts(5,29): error TS2306: File 'C:/Users/Gkulah/Desktop/goos-next.js/goos-web-next.js/src/app/(dashboard)/admin/students/[id]/edit/page.tsx' is not a module.
.next/types/app/(dashboard)/admin/students/[id]/page.ts(2,24): error TS2306: File 'C:/Users/Gkulah/Desktop/goos-next.js/goos-web-next.js/src/app/(dashboard)/admin/students/[id]/page.tsx' is not a module.
.next/types/app/(dashboard)/admin/students/[id]/page.ts(5,29): error TS2306: File 'C:/Users/Gkulah/Desktop/goos-next.js/goos-web-next.js/src/app/(dashboard)/admin/students/[id]/page.tsx' is not a module.
.next/types/app/(dashboard)/admin/students/create/page.ts(2,24): error TS2306: File 'C:/Users/Gkulah/Desktop/goos-next.js/goos-web-next.js/src/app/(dashboard)/admin/students/create/page.tsx' is not a module.
.next/types/app/(dashboard)/admin/students/create/page.ts(5,29): error TS2306: File 'C:/Users/Gkulah/Desktop/goos-next.js/goos-web-next.js/src/app/(dashboard)/admin/students/create/page.tsx' is not a module.
.next/types/app/(dashboard)/admin/students/import/page.ts(2,24): error TS2306: File 'C:/Users/Gkulah/Desktop/goos-next.js/goos-web-next.js/src/app/(dashboard)/admin/students/import/page.tsx' is not a module.
.next/types/app/(dashboard)/admin/students/import/page.ts(5,29): error TS2306: File 'C:/Users/Gkulah/Desktop/goos-next.js/goos-web-next.js/src/app/(dashboard)/admin/students/import/page.tsx' is not a module.
.next/types/app/(dashboard)/admin/students/page.ts(2,24): error TS2306: File 'C:/Users/Gkulah/Desktop/goos-next.js/goos-web-next.js/src/app/(dashboard)/admin/students/page.tsx' is not a module.
.next/types/app/(dashboard)/admin/students/page.ts(5,29): error TS2306: File 'C:/Users/Gkulah/Desktop/goos-next.js/goos-web-next.js/src/app/(dashboard)/admin/students/page.tsx' is not a module.
.next/types/app/(dashboard)/admin/teachers/[id]/edit/page.ts(2,24): error TS2306: File 'C:/Users/Gkulah/Desktop/goos-next.js/goos-web-next.js/src/app/(dashboard)/admin/teachers/[id]/edit/page.tsx' is not a module.
.next/types/app/(dashboard)/admin/teachers/[id]/edit/page.ts(5,29): error TS2306: File 'C:/Users/Gkulah/Desktop/goos-next.js/goos-web-next.js/src/app/(dashboard)/admin/teachers/[id]/edit/page.tsx' is not a module.
.next/types/app/(dashboard)/admin/teachers/[id]/page.ts(2,24): error TS2306: File 'C:/Users/Gkulah/Desktop/goos-next.js/goos-web-next.js/src/app/(dashboard)/admin/teachers/[id]/page.tsx' is not a module.
.next/types/app/(dashboard)/admin/teachers/[id]/page.ts(5,29): error TS2306: File 'C:/Users/Gkulah/Desktop/goos-next.js/goos-web-next.js/src/app/(dashboard)/admin/teachers/[id]/page.tsx' is not a module.
.next/types/app/(dashboard)/admin/teachers/create/page.ts(2,24): error TS2306: File 'C:/Users/Gkulah/Desktop/goos-next.js/goos-web-next.js/src/app/(dashboard)/admin/teachers/create/page.tsx' is not a module.
.next/types/app/(dashboard)/admin/teachers/create/page.ts(5,29): error TS2306: File 'C:/Users/Gkulah/Desktop/goos-next.js/goos-web-next.js/src/app/(dashboard)/admin/teachers/create/page.tsx' is not a module.
.next/types/app/(dashboard)/admin/teachers/page.ts(2,24): error TS2306: File 'C:/Users/Gkulah/Desktop/goos-next.js/goos-web-next.js/src/app/(dashboard)/admin/teachers/page.tsx' is not a module.
.next/types/app/(dashboard)/admin/teachers/page.ts(5,29): error TS2306: File 'C:/Users/Gkulah/Desktop/goos-next.js/goos-web-next.js/src/app/(dashboard)/admin/teachers/page.tsx' is not a module.
.next/types/app/(dashboard)/admin/vehicles/[id]/edit/page.ts(2,24): error TS2306: File 'C:/Users/Gkulah/Desktop/goos-next.js/goos-web-next.js/src/app/(dashboard)/admin/vehicles/[id]/edit/page.tsx' is not a module.
.next/types/app/(dashboard)/admin/vehicles/[id]/edit/page.ts(5,29): error TS2306: File 'C:/Users/Gkulah/Desktop/goos-next.js/goos-web-next.js/src/app/(dashboard)/admin/vehicles/[id]/edit/page.tsx' is not a module.
.next/types/app/(dashboard)/admin/vehicles/[id]/page.ts(2,24): error TS2306: File 'C:/Users/Gkulah/Desktop/goos-next.js/goos-web-next.js/src/app/(dashboard)/admin/vehicles/[id]/page.tsx' is not a module.
.next/types/app/(dashboard)/admin/vehicles/[id]/page.ts(5,29): error TS2306: File 'C:/Users/Gkulah/Desktop/goos-next.js/goos-web-next.js/src/app/(dashboard)/admin/vehicles/[id]/page.tsx' is not a module.
.next/types/app/(dashboard)/admin/vehicles/[id]/students/page.ts(2,24): error TS2306: File 'C:/Users/Gkulah/Desktop/goos-next.js/goos-web-next.js/src/app/(dashboard)/admin/vehicles/[id]/students/page.tsx' is not a module.
.next/types/app/(dashboard)/admin/vehicles/[id]/students/page.ts(5,29): error TS2306: File 'C:/Users/Gkulah/Desktop/goos-next.js/goos-web-next.js/src/app/(dashboard)/admin/vehicles/[id]/students/page.tsx' is not a module.
.next/types/app/(dashboard)/admin/vehicles/create/page.ts(2,24): error TS2306: File 'C:/Users/Gkulah/Desktop/goos-next.js/goos-web-next.js/src/app/(dashboard)/admin/vehicles/create/page.tsx' is not a module.
.next/types/app/(dashboard)/admin/vehicles/create/page.ts(5,29): error TS2306: File 'C:/Users/Gkulah/Desktop/goos-next.js/goos-web-next.js/src/app/(dashboard)/admin/vehicles/create/page.tsx' is not a module.
.next/types/app/(dashboard)/admin/vehicles/page.ts(2,24): error TS2306: File 'C:/Users/Gkulah/Desktop/goos-next.js/goos-web-next.js/src/app/(dashboard)/admin/vehicles/page.tsx' is not a module.
.next/types/app/(dashboard)/admin/vehicles/page.ts(5,29): error TS2306: File 'C:/Users/Gkulah/Desktop/goos-next.js/goos-web-next.js/src/app/(dashboard)/admin/vehicles/page.tsx' is not a module.
.next/types/app/(dashboard)/ogrenci/ders/[id]/page.ts(2,24): error TS2306: File 'C:/Users/Gkulah/Desktop/goos-next.js/goos-web-next.js/src/app/(dashboard)/ogrenci/ders/[id]/page.tsx' is not a module.
.next/types/app/(dashboard)/ogrenci/ders/[id]/page.ts(5,29): error TS2306: File 'C:/Users/Gkulah/Desktop/goos-next.js/goos-web-next.js/src/app/(dashboard)/ogrenci/ders/[id]/page.tsx' is not a module.
.next/types/app/(dashboard)/ogrenci/grades/[courseId]/page.ts(2,24): error TS2306: File 'C:/Users/Gkulah/Desktop/goos-next.js/goos-web-next.js/src/app/(dashboard)/ogrenci/grades/[courseId]/page.tsx' is not a module.
.next/types/app/(dashboard)/ogrenci/grades/[courseId]/page.ts(5,29): error TS2306: File 'C:/Users/Gkulah/Desktop/goos-next.js/goos-web-next.js/src/app/(dashboard)/ogrenci/grades/[courseId]/page.tsx' is not a module.
.next/types/app/(dashboard)/ogrenci/grades/page.ts(2,24): error TS2306: File 'C:/Users/Gkulah/Desktop/goos-next.js/goos-web-next.js/src/app/(dashboard)/ogrenci/grades/page.tsx' is not a module.
.next/types/app/(dashboard)/ogrenci/grades/page.ts(5,29): error TS2306: File 'C:/Users/Gkulah/Desktop/goos-next.js/goos-web-next.js/src/app/(dashboard)/ogrenci/grades/page.tsx' is not a module.
.next/types/app/(dashboard)/ogrenci/grades/report-card/page.ts(2,24): error TS2306: File 'C:/Users/Gkulah/Desktop/goos-next.js/goos-web-next.js/src/app/(dashboard)/ogrenci/grades/report-card/page.tsx' is not a module.
.next/types/app/(dashboard)/ogrenci/grades/report-card/page.ts(5,29): error TS2306: File 'C:/Users/Gkulah/Desktop/goos-next.js/goos-web-next.js/src/app/(dashboard)/ogrenci/grades/report-card/page.tsx' is not a module.
.next/types/app/(dashboard)/ogrenci/homework/[id]/page.ts(2,24): error TS2306: File 'C:/Users/Gkulah/Desktop/goos-next.js/goos-web-next.js/src/app/(dashboard)/ogrenci/homework/[id]/page.tsx' is not a module.
.next/types/app/(dashboard)/ogrenci/homework/[id]/page.ts(5,29): error TS2306: File 'C:/Users/Gkulah/Desktop/goos-next.js/goos-web-next.js/src/app/(dashboard)/ogrenci/homework/[id]/page.tsx' is not a module.
.next/types/app/(dashboard)/ogrenci/homework/[id]/submit/page.ts(2,24): error TS2306: File 'C:/Users/Gkulah/Desktop/goos-next.js/goos-web-next.js/src/app/(dashboard)/ogrenci/homework/[id]/submit/page.tsx' is not a module.
.next/types/app/(dashboard)/ogrenci/homework/[id]/submit/page.ts(5,29): error TS2306: File 'C:/Users/Gkulah/Desktop/goos-next.js/goos-web-next.js/src/app/(dashboard)/ogrenci/homework/[id]/submit/page.tsx' is not a module.
.next/types/app/(dashboard)/ogrenci/homework/page.ts(2,24): error TS2306: File 'C:/Users/Gkulah/Desktop/goos-next.js/goos-web-next.js/src/app/(dashboard)/ogrenci/homework/page.tsx' is not a module.
.next/types/app/(dashboard)/ogrenci/homework/page.ts(5,29): error TS2306: File 'C:/Users/Gkulah/Desktop/goos-next.js/goos-web-next.js/src/app/(dashboard)/ogrenci/homework/page.tsx' is not a module.
.next/types/app/(dashboard)/ogrenci/payments/page.ts(2,24): error TS2306: File 'C:/Users/Gkulah/Desktop/goos-next.js/goos-web-next.js/src/app/(dashboard)/ogrenci/payments/page.tsx' is not a module.
.next/types/app/(dashboard)/ogrenci/payments/page.ts(5,29): error TS2306: File 'C:/Users/Gkulah/Desktop/goos-next.js/goos-web-next.js/src/app/(dashboard)/ogrenci/payments/page.tsx' is not a module.
.next/types/app/(dashboard)/ogrenci/profile/page.ts(2,24): error TS2306: File 'C:/Users/Gkulah/Desktop/goos-next.js/goos-web-next.js/src/app/(dashboard)/ogrenci/profile/page.tsx' is not a module.
.next/types/app/(dashboard)/ogrenci/profile/page.ts(5,29): error TS2306: File 'C:/Users/Gkulah/Desktop/goos-next.js/goos-web-next.js/src/app/(dashboard)/ogrenci/profile/page.tsx' is not a module.
.next/types/app/(dashboard)/ogrenci/schedule/page.ts(2,24): error TS2306: File 'C:/Users/Gkulah/Desktop/goos-next.js/goos-web-next.js/src/app/(dashboard)/ogrenci/schedule/page.tsx' is not a module.
.next/types/app/(dashboard)/ogrenci/schedule/page.ts(5,29): error TS2306: File 'C:/Users/Gkulah/Desktop/goos-next.js/goos-web-next.js/src/app/(dashboard)/ogrenci/schedule/page.tsx' is not a module.
.next/types/app/(dashboard)/ogrenci/yemek-listesi/balance/page.ts(2,24): error TS2306: File 'C:/Users/Gkulah/Desktop/goos-next.js/goos-web-next.js/src/app/(dashboard)/ogrenci/yemek-listesi/balance/page.tsx' is not a module.
.next/types/app/(dashboard)/ogrenci/yemek-listesi/balance/page.ts(5,29): error TS2306: File 'C:/Users/Gkulah/Desktop/goos-next.js/goos-web-next.js/src/app/(dashboard)/ogrenci/yemek-listesi/balance/page.tsx' is not a module.
.next/types/app/(dashboard)/ogrenci/yemek-listesi/cart/page.ts(2,24): error TS2306: File 'C:/Users/Gkulah/Desktop/goos-next.js/goos-web-next.js/src/app/(dashboard)/ogrenci/yemek-listesi/cart/page.tsx' is not a module.
.next/types/app/(dashboard)/ogrenci/yemek-listesi/cart/page.ts(5,29): error TS2306: File 'C:/Users/Gkulah/Desktop/goos-next.js/goos-web-next.js/src/app/(dashboard)/ogrenci/yemek-listesi/cart/page.tsx' is not a module.
.next/types/app/(dashboard)/ogrenci/yemek-listesi/orders/[id]/page.ts(2,24): error TS2306: File 'C:/Users/Gkulah/Desktop/goos-next.js/goos-web-next.js/src/app/(dashboard)/ogrenci/yemek-listesi/orders/[id]/page.tsx' is not a module.
.next/types/app/(dashboard)/ogrenci/yemek-listesi/orders/[id]/page.ts(5,29): error TS2306: File 'C:/Users/Gkulah/Desktop/goos-next.js/goos-web-next.js/src/app/(dashboard)/ogrenci/yemek-listesi/orders/[id]/page.tsx' is not a module.
.next/types/app/(dashboard)/ogrenci/yemek-listesi/orders/page.ts(2,24): error TS2306: File 'C:/Users/Gkulah/Desktop/goos-next.js/goos-web-next.js/src/app/(dashboard)/ogrenci/yemek-listesi/orders/page.tsx' is not a module.
.next/types/app/(dashboard)/ogrenci/yemek-listesi/orders/page.ts(5,29): error TS2306: File 'C:/Users/Gkulah/Desktop/goos-next.js/goos-web-next.js/src/app/(dashboard)/ogrenci/yemek-listesi/orders/page.tsx' is not a module.
.next/types/app/(dashboard)/ogretmen/attendance/history/page.ts(2,24): error TS2306: File 'C:/Users/Gkulah/Desktop/goos-next.js/goos-web-next.js/src/app/(dashboard)/ogretmen/attendance/history/page.tsx' is not a module.
.next/types/app/(dashboard)/ogretmen/attendance/history/page.ts(5,29): error TS2306: File 'C:/Users/Gkulah/Desktop/goos-next.js/goos-web-next.js/src/app/(dashboard)/ogretmen/attendance/history/page.tsx' is not a module.
.next/types/app/(dashboard)/ogretmen/attendance/page.ts(2,24): error TS2306: File 'C:/Users/Gkulah/Desktop/goos-next.js/goos-web-next.js/src/app/(dashboard)/ogretmen/attendance/page.tsx' is not a module.
.next/types/app/(dashboard)/ogretmen/attendance/page.ts(5,29): error TS2306: File 'C:/Users/Gkulah/Desktop/goos-next.js/goos-web-next.js/src/app/(dashboard)/ogretmen/attendance/page.tsx' is not a module.
.next/types/app/(dashboard)/ogretmen/attendance/take/page.ts(2,24): error TS2306: File 'C:/Users/Gkulah/Desktop/goos-next.js/goos-web-next.js/src/app/(dashboard)/ogretmen/attendance/take/page.tsx' is not a module.
.next/types/app/(dashboard)/ogretmen/attendance/take/page.ts(5,29): error TS2306: File 'C:/Users/Gkulah/Desktop/goos-next.js/goos-web-next.js/src/app/(dashboard)/ogretmen/attendance/take/page.tsx' is not a module.
.next/types/app/(dashboard)/ogretmen/courses/[id]/page.ts(2,24): error TS2306: File 'C:/Users/Gkulah/Desktop/goos-next.js/goos-web-next.js/src/app/(dashboard)/ogretmen/courses/[id]/page.tsx' is not a module.
.next/types/app/(dashboard)/ogretmen/courses/[id]/page.ts(5,29): error TS2306: File 'C:/Users/Gkulah/Desktop/goos-next.js/goos-web-next.js/src/app/(dashboard)/ogretmen/courses/[id]/page.tsx' is not a module.
.next/types/app/(dashboard)/ogretmen/courses/page.ts(2,24): error TS2306: File 'C:/Users/Gkulah/Desktop/goos-next.js/goos-web-next.js/src/app/(dashboard)/ogretmen/courses/page.tsx' is not a module.
.next/types/app/(dashboard)/ogretmen/courses/page.ts(5,29): error TS2306: File 'C:/Users/Gkulah/Desktop/goos-next.js/goos-web-next.js/src/app/(dashboard)/ogretmen/courses/page.tsx' is not a module.
.next/types/app/(dashboard)/ogretmen/exams/[id]/edit/page.ts(2,24): error TS2306: File 'C:/Users/Gkulah/Desktop/goos-next.js/goos-web-next.js/src/app/(dashboard)/ogretmen/exams/[id]/edit/page.tsx' is not a module.
.next/types/app/(dashboard)/ogretmen/exams/[id]/edit/page.ts(5,29): error TS2306: File 'C:/Users/Gkulah/Desktop/goos-next.js/goos-web-next.js/src/app/(dashboard)/ogretmen/exams/[id]/edit/page.tsx' is not a module.
.next/types/app/(dashboard)/ogretmen/exams/[id]/grades/bulk-import/page.ts(2,24): error TS2306: File 'C:/Users/Gkulah/Desktop/goos-next.js/goos-web-next.js/src/app/(dashboard)/ogretmen/exams/[id]/grades/bulk-import/page.tsx' is not a module.
.next/types/app/(dashboard)/ogretmen/exams/[id]/grades/bulk-import/page.ts(5,29): error TS2306: File 'C:/Users/Gkulah/Desktop/goos-next.js/goos-web-next.js/src/app/(dashboard)/ogretmen/exams/[id]/grades/bulk-import/page.tsx' is not a module.
.next/types/app/(dashboard)/ogretmen/exams/[id]/grades/page.ts(2,24): error TS2306: File 'C:/Users/Gkulah/Desktop/goos-next.js/goos-web-next.js/src/app/(dashboard)/ogretmen/exams/[id]/grades/page.tsx' is not a module.
.next/types/app/(dashboard)/ogretmen/exams/[id]/grades/page.ts(5,29): error TS2306: File 'C:/Users/Gkulah/Desktop/goos-next.js/goos-web-next.js/src/app/(dashboard)/ogretmen/exams/[id]/grades/page.tsx' is not a module.
.next/types/app/(dashboard)/ogretmen/exams/[id]/page.ts(2,24): error TS2306: File 'C:/Users/Gkulah/Desktop/goos-next.js/goos-web-next.js/src/app/(dashboard)/ogretmen/exams/[id]/page.tsx' is not a module.
.next/types/app/(dashboard)/ogretmen/exams/[id]/page.ts(5,29): error TS2306: File 'C:/Users/Gkulah/Desktop/goos-next.js/goos-web-next.js/src/app/(dashboard)/ogretmen/exams/[id]/page.tsx' is not a module.
.next/types/app/(dashboard)/ogretmen/exams/create/page.ts(2,24): error TS2306: File 'C:/Users/Gkulah/Desktop/goos-next.js/goos-web-next.js/src/app/(dashboard)/ogretmen/exams/create/page.tsx' is not a module.
.next/types/app/(dashboard)/ogretmen/exams/create/page.ts(5,29): error TS2306: File 'C:/Users/Gkulah/Desktop/goos-next.js/goos-web-next.js/src/app/(dashboard)/ogretmen/exams/create/page.tsx' is not a module.
.next/types/app/(dashboard)/ogretmen/exams/page.ts(2,24): error TS2306: File 'C:/Users/Gkulah/Desktop/goos-next.js/goos-web-next.js/src/app/(dashboard)/ogretmen/exams/page.tsx' is not a module.
.next/types/app/(dashboard)/ogretmen/exams/page.ts(5,29): error TS2306: File 'C:/Users/Gkulah/Desktop/goos-next.js/goos-web-next.js/src/app/(dashboard)/ogretmen/exams/page.tsx' is not a module.
.next/types/app/(dashboard)/ogretmen/grades/[courseId]/page.ts(2,24): error TS2306: File 'C:/Users/Gkulah/Desktop/goos-next.js/goos-web-next.js/src/app/(dashboard)/ogretmen/grades/[courseId]/page.tsx' is not a module.
.next/types/app/(dashboard)/ogretmen/grades/[courseId]/page.ts(5,29): error TS2306: File 'C:/Users/Gkulah/Desktop/goos-next.js/goos-web-next.js/src/app/(dashboard)/ogretmen/grades/[courseId]/page.tsx' is not a module.
.next/types/app/(dashboard)/ogretmen/grades/page.ts(2,24): error TS2306: File 'C:/Users/Gkulah/Desktop/goos-next.js/goos-web-next.js/src/app/(dashboard)/ogretmen/grades/page.tsx' is not a module.
.next/types/app/(dashboard)/ogretmen/grades/page.ts(5,29): error TS2306: File 'C:/Users/Gkulah/Desktop/goos-next.js/goos-web-next.js/src/app/(dashboard)/ogretmen/grades/page.tsx' is not a module.
.next/types/app/(dashboard)/ogretmen/homework/[id]/edit/page.ts(2,24): error TS2306: File 'C:/Users/Gkulah/Desktop/goos-next.js/goos-web-next.js/src/app/(dashboard)/ogretmen/homework/[id]/edit/page.tsx' is not a module.
.next/types/app/(dashboard)/ogretmen/homework/[id]/edit/page.ts(5,29): error TS2306: File 'C:/Users/Gkulah/Desktop/goos-next.js/goos-web-next.js/src/app/(dashboard)/ogretmen/homework/[id]/edit/page.tsx' is not a module.
.next/types/app/(dashboard)/ogretmen/homework/[id]/page.ts(2,24): error TS2306: File 'C:/Users/Gkulah/Desktop/goos-next.js/goos-web-next.js/src/app/(dashboard)/ogretmen/homework/[id]/page.tsx' is not a module.
.next/types/app/(dashboard)/ogretmen/homework/[id]/page.ts(5,29): error TS2306: File 'C:/Users/Gkulah/Desktop/goos-next.js/goos-web-next.js/src/app/(dashboard)/ogretmen/homework/[id]/page.tsx' is not a module.
.next/types/app/(dashboard)/ogretmen/homework/[id]/submissions/[submissionId]/page.ts(2,24): error TS2306: File 'C:/Users/Gkulah/Desktop/goos-next.js/goos-web-next.js/src/app/(dashboard)/ogretmen/homework/[id]/submissions/[submissionId]/page.tsx' is not a module.
.next/types/app/(dashboard)/ogretmen/homework/[id]/submissions/[submissionId]/page.ts(5,29): error TS2306: File 'C:/Users/Gkulah/Desktop/goos-next.js/goos-web-next.js/src/app/(dashboard)/ogretmen/homework/[id]/submissions/[submissionId]/page.tsx' is not a module.
.next/types/app/(dashboard)/ogretmen/homework/[id]/submissions/page.ts(2,24): error TS2306: File 'C:/Users/Gkulah/Desktop/goos-next.js/goos-web-next.js/src/app/(dashboard)/ogretmen/homework/[id]/submissions/page.tsx' is not a module.
.next/types/app/(dashboard)/ogretmen/homework/[id]/submissions/page.ts(5,29): error TS2306: File 'C:/Users/Gkulah/Desktop/goos-next.js/goos-web-next.js/src/app/(dashboard)/ogretmen/homework/[id]/submissions/page.tsx' is not a module.
.next/types/app/(dashboard)/ogretmen/homework/create/page.ts(2,24): error TS2306: File 'C:/Users/Gkulah/Desktop/goos-next.js/goos-web-next.js/src/app/(dashboard)/ogretmen/homework/create/page.tsx' is not a module.
.next/types/app/(dashboard)/ogretmen/homework/create/page.ts(5,29): error TS2306: File 'C:/Users/Gkulah/Desktop/goos-next.js/goos-web-next.js/src/app/(dashboard)/ogretmen/homework/create/page.tsx' is not a module.
.next/types/app/(dashboard)/ogretmen/homework/page.ts(2,24): error TS2306: File 'C:/Users/Gkulah/Desktop/goos-next.js/goos-web-next.js/src/app/(dashboard)/ogretmen/homework/page.tsx' is not a module.
.next/types/app/(dashboard)/ogretmen/homework/page.ts(5,29): error TS2306: File 'C:/Users/Gkulah/Desktop/goos-next.js/goos-web-next.js/src/app/(dashboard)/ogretmen/homework/page.tsx' is not a module.
.next/types/app/(dashboard)/ogretmen/mesajlar/[id]/page.ts(2,24): error TS2306: File 'C:/Users/Gkulah/Desktop/goos-next.js/goos-web-next.js/src/app/(dashboard)/ogretmen/mesajlar/[id]/page.tsx' is not a module.
.next/types/app/(dashboard)/ogretmen/mesajlar/[id]/page.ts(5,29): error TS2306: File 'C:/Users/Gkulah/Desktop/goos-next.js/goos-web-next.js/src/app/(dashboard)/ogretmen/mesajlar/[id]/page.tsx' is not a module.
.next/types/app/(dashboard)/ogretmen/schedule/page.ts(2,24): error TS2306: File 'C:/Users/Gkulah/Desktop/goos-next.js/goos-web-next.js/src/app/(dashboard)/ogretmen/schedule/page.tsx' is not a module.
.next/types/app/(dashboard)/ogretmen/schedule/page.ts(5,29): error TS2306: File 'C:/Users/Gkulah/Desktop/goos-next.js/goos-web-next.js/src/app/(dashboard)/ogretmen/schedule/page.tsx' is not a module.
.next/types/app/(dashboard)/ogretmen/students/[id]/page.ts(2,24): error TS2306: File 'C:/Users/Gkulah/Desktop/goos-next.js/goos-web-next.js/src/app/(dashboard)/ogretmen/students/[id]/page.tsx' is not a module.
.next/types/app/(dashboard)/ogretmen/students/[id]/page.ts(5,29): error TS2306: File 'C:/Users/Gkulah/Desktop/goos-next.js/goos-web-next.js/src/app/(dashboard)/ogretmen/students/[id]/page.tsx' is not a module.
.next/types/app/(dashboard)/ogretmen/students/page.ts(2,24): error TS2306: File 'C:/Users/Gkulah/Desktop/goos-next.js/goos-web-next.js/src/app/(dashboard)/ogretmen/students/page.tsx' is not a module.
.next/types/app/(dashboard)/ogretmen/students/page.ts(5,29): error TS2306: File 'C:/Users/Gkulah/Desktop/goos-next.js/goos-web-next.js/src/app/(dashboard)/ogretmen/students/page.tsx' is not a module.
.next/types/app/(dashboard)/veli/announcements/[id]/page.ts(2,24): error TS2306: File 'C:/Users/Gkulah/Desktop/goos-next.js/goos-web-next.js/src/app/(dashboard)/veli/announcements/[id]/page.tsx' is not a module.
.next/types/app/(dashboard)/veli/announcements/[id]/page.ts(5,29): error TS2306: File 'C:/Users/Gkulah/Desktop/goos-next.js/goos-web-next.js/src/app/(dashboard)/veli/announcements/[id]/page.tsx' is not a module.
.next/types/app/(dashboard)/veli/announcements/page.ts(2,24): error TS2306: File 'C:/Users/Gkulah/Desktop/goos-next.js/goos-web-next.js/src/app/(dashboard)/veli/announcements/page.tsx' is not a module.
.next/types/app/(dashboard)/veli/announcements/page.ts(5,29): error TS2306: File 'C:/Users/Gkulah/Desktop/goos-next.js/goos-web-next.js/src/app/(dashboard)/veli/announcements/page.tsx' is not a module.
.next/types/app/(dashboard)/veli/appointments/[id]/page.ts(2,24): error TS2306: File 'C:/Users/Gkulah/Desktop/goos-next.js/goos-web-next.js/src/app/(dashboard)/veli/appointments/[id]/page.tsx' is not a module.
.next/types/app/(dashboard)/veli/appointments/[id]/page.ts(5,29): error TS2306: File 'C:/Users/Gkulah/Desktop/goos-next.js/goos-web-next.js/src/app/(dashboard)/veli/appointments/[id]/page.tsx' is not a module.
.next/types/app/(dashboard)/veli/appointments/create/page.ts(2,24): error TS2306: File 'C:/Users/Gkulah/Desktop/goos-next.js/goos-web-next.js/src/app/(dashboard)/veli/appointments/create/page.tsx' is not a module.
.next/types/app/(dashboard)/veli/appointments/create/page.ts(5,29): error TS2306: File 'C:/Users/Gkulah/Desktop/goos-next.js/goos-web-next.js/src/app/(dashboard)/veli/appointments/create/page.tsx' is not a module.
.next/types/app/(dashboard)/veli/appointments/page.ts(2,24): error TS2306: File 'C:/Users/Gkulah/Desktop/goos-next.js/goos-web-next.js/src/app/(dashboard)/veli/appointments/page.tsx' is not a module.
.next/types/app/(dashboard)/veli/appointments/page.ts(5,29): error TS2306: File 'C:/Users/Gkulah/Desktop/goos-next.js/goos-web-next.js/src/app/(dashboard)/veli/appointments/page.tsx' is not a module.
.next/types/app/(dashboard)/veli/child/[childId]/attendance/page.ts(2,24): error TS2306: File 'C:/Users/Gkulah/Desktop/goos-next.js/goos-web-next.js/src/app/(dashboard)/veli/child/[childId]/attendance/page.tsx' is not a module.
.next/types/app/(dashboard)/veli/child/[childId]/attendance/page.ts(5,29): error TS2306: File 'C:/Users/Gkulah/Desktop/goos-next.js/goos-web-next.js/src/app/(dashboard)/veli/child/[childId]/attendance/page.tsx' is not a module.
.next/types/app/(dashboard)/veli/child/[childId]/canteen/page.ts(2,24): error TS2306: File 'C:/Users/Gkulah/Desktop/goos-next.js/goos-web-next.js/src/app/(dashboard)/veli/child/[childId]/canteen/page.tsx' is not a module.
.next/types/app/(dashboard)/veli/child/[childId]/canteen/page.ts(5,29): error TS2306: File 'C:/Users/Gkulah/Desktop/goos-next.js/goos-web-next.js/src/app/(dashboard)/veli/child/[childId]/canteen/page.tsx' is not a module.
.next/types/app/(dashboard)/veli/child/[childId]/canteen/transactions/page.ts(2,24): error TS2306: File 'C:/Users/Gkulah/Desktop/goos-next.js/goos-web-next.js/src/app/(dashboard)/veli/child/[childId]/canteen/transactions/page.tsx' is not a module.
.next/types/app/(dashboard)/veli/child/[childId]/canteen/transactions/page.ts(5,29): error TS2306: File 'C:/Users/Gkulah/Desktop/goos-next.js/goos-web-next.js/src/app/(dashboard)/veli/child/[childId]/canteen/transactions/page.tsx' is not a module.
.next/types/app/(dashboard)/veli/child/[childId]/exams/[id]/page.ts(2,24): error TS2306: File 'C:/Users/Gkulah/Desktop/goos-next.js/goos-web-next.js/src/app/(dashboard)/veli/child/[childId]/exams/[id]/page.tsx' is not a module.
.next/types/app/(dashboard)/veli/child/[childId]/exams/[id]/page.ts(5,29): error TS2306: File 'C:/Users/Gkulah/Desktop/goos-next.js/goos-web-next.js/src/app/(dashboard)/veli/child/[childId]/exams/[id]/page.tsx' is not a module.
.next/types/app/(dashboard)/veli/child/[childId]/exams/page.ts(2,24): error TS2306: File 'C:/Users/Gkulah/Desktop/goos-next.js/goos-web-next.js/src/app/(dashboard)/veli/child/[childId]/exams/page.tsx' is not a module.
.next/types/app/(dashboard)/veli/child/[childId]/exams/page.ts(5,29): error TS2306: File 'C:/Users/Gkulah/Desktop/goos-next.js/goos-web-next.js/src/app/(dashboard)/veli/child/[childId]/exams/page.tsx' is not a module.
.next/types/app/(dashboard)/veli/child/[childId]/grades/page.ts(2,24): error TS2306: File 'C:/Users/Gkulah/Desktop/goos-next.js/goos-web-next.js/src/app/(dashboard)/veli/child/[childId]/grades/page.tsx' is not a module.
.next/types/app/(dashboard)/veli/child/[childId]/grades/page.ts(5,29): error TS2306: File 'C:/Users/Gkulah/Desktop/goos-next.js/goos-web-next.js/src/app/(dashboard)/veli/child/[childId]/grades/page.tsx' is not a module.
.next/types/app/(dashboard)/veli/child/[childId]/grades/report-card/page.ts(2,24): error TS2306: File 'C:/Users/Gkulah/Desktop/goos-next.js/goos-web-next.js/src/app/(dashboard)/veli/child/[childId]/grades/report-card/page.tsx' is not a module.
.next/types/app/(dashboard)/veli/child/[childId]/grades/report-card/page.ts(5,29): error TS2306: File 'C:/Users/Gkulah/Desktop/goos-next.js/goos-web-next.js/src/app/(dashboard)/veli/child/[childId]/grades/report-card/page.tsx' is not a module.
.next/types/app/(dashboard)/veli/child/[childId]/homework/[id]/page.ts(2,24): error TS2306: File 'C:/Users/Gkulah/Desktop/goos-next.js/goos-web-next.js/src/app/(dashboard)/veli/child/[childId]/homework/[id]/page.tsx' is not a module.
.next/types/app/(dashboard)/veli/child/[childId]/homework/[id]/page.ts(5,29): error TS2306: File 'C:/Users/Gkulah/Desktop/goos-next.js/goos-web-next.js/src/app/(dashboard)/veli/child/[childId]/homework/[id]/page.tsx' is not a module.
.next/types/app/(dashboard)/veli/child/[childId]/homework/page.ts(2,24): error TS2306: File 'C:/Users/Gkulah/Desktop/goos-next.js/goos-web-next.js/src/app/(dashboard)/veli/child/[childId]/homework/page.tsx' is not a module.
.next/types/app/(dashboard)/veli/child/[childId]/homework/page.ts(5,29): error TS2306: File 'C:/Users/Gkulah/Desktop/goos-next.js/goos-web-next.js/src/app/(dashboard)/veli/child/[childId]/homework/page.tsx' is not a module.
.next/types/app/(dashboard)/veli/child/[childId]/overview/page.ts(2,24): error TS2306: File 'C:/Users/Gkulah/Desktop/goos-next.js/goos-web-next.js/src/app/(dashboard)/veli/child/[childId]/overview/page.tsx' is not a module.
.next/types/app/(dashboard)/veli/child/[childId]/overview/page.ts(5,29): error TS2306: File 'C:/Users/Gkulah/Desktop/goos-next.js/goos-web-next.js/src/app/(dashboard)/veli/child/[childId]/overview/page.tsx' is not a module.
.next/types/app/(dashboard)/veli/child/[childId]/payments/history/page.ts(2,24): error TS2306: File 'C:/Users/Gkulah/Desktop/goos-next.js/goos-web-next.js/src/app/(dashboard)/veli/child/[childId]/payments/history/page.tsx' is not a module.
.next/types/app/(dashboard)/veli/child/[childId]/payments/history/page.ts(5,29): error TS2306: File 'C:/Users/Gkulah/Desktop/goos-next.js/goos-web-next.js/src/app/(dashboard)/veli/child/[childId]/payments/history/page.tsx' is not a module.
.next/types/app/(dashboard)/veli/child/[childId]/payments/page.ts(2,24): error TS2306: File 'C:/Users/Gkulah/Desktop/goos-next.js/goos-web-next.js/src/app/(dashboard)/veli/child/[childId]/payments/page.tsx' is not a module.
.next/types/app/(dashboard)/veli/child/[childId]/payments/page.ts(5,29): error TS2306: File 'C:/Users/Gkulah/Desktop/goos-next.js/goos-web-next.js/src/app/(dashboard)/veli/child/[childId]/payments/page.tsx' is not a module.
.next/types/app/(dashboard)/veli/children/page.ts(2,24): error TS2306: File 'C:/Users/Gkulah/Desktop/goos-next.js/goos-web-next.js/src/app/(dashboard)/veli/children/page.tsx' is not a module.
.next/types/app/(dashboard)/veli/children/page.ts(5,29): error TS2306: File 'C:/Users/Gkulah/Desktop/goos-next.js/goos-web-next.js/src/app/(dashboard)/veli/children/page.tsx' is not a module.
.next/types/app/(dashboard)/veli/events/[id]/page.ts(2,24): error TS2306: File 'C:/Users/Gkulah/Desktop/goos-next.js/goos-web-next.js/src/app/(dashboard)/veli/events/[id]/page.tsx' is not a module.
.next/types/app/(dashboard)/veli/events/[id]/page.ts(5,29): error TS2306: File 'C:/Users/Gkulah/Desktop/goos-next.js/goos-web-next.js/src/app/(dashboard)/veli/events/[id]/page.tsx' is not a module.
.next/types/app/(dashboard)/veli/events/page.ts(2,24): error TS2306: File 'C:/Users/Gkulah/Desktop/goos-next.js/goos-web-next.js/src/app/(dashboard)/veli/events/page.tsx' is not a module.
.next/types/app/(dashboard)/veli/events/page.ts(5,29): error TS2306: File 'C:/Users/Gkulah/Desktop/goos-next.js/goos-web-next.js/src/app/(dashboard)/veli/events/page.tsx' is not a module.
.next/types/app/(dashboard)/veli/leave-requests/[id]/page.ts(2,24): error TS2306: File 'C:/Users/Gkulah/Desktop/goos-next.js/goos-web-next.js/src/app/(dashboard)/veli/leave-requests/[id]/page.tsx' is not a module.
.next/types/app/(dashboard)/veli/leave-requests/[id]/page.ts(5,29): error TS2306: File 'C:/Users/Gkulah/Desktop/goos-next.js/goos-web-next.js/src/app/(dashboard)/veli/leave-requests/[id]/page.tsx' is not a module.
.next/types/app/(dashboard)/veli/leave-requests/create/page.ts(2,24): error TS2306: File 'C:/Users/Gkulah/Desktop/goos-next.js/goos-web-next.js/src/app/(dashboard)/veli/leave-requests/create/page.tsx' is not a module.
.next/types/app/(dashboard)/veli/leave-requests/create/page.ts(5,29): error TS2306: File 'C:/Users/Gkulah/Desktop/goos-next.js/goos-web-next.js/src/app/(dashboard)/veli/leave-requests/create/page.tsx' is not a module.
.next/types/app/(dashboard)/veli/leave-requests/page.ts(2,24): error TS2306: File 'C:/Users/Gkulah/Desktop/goos-next.js/goos-web-next.js/src/app/(dashboard)/veli/leave-requests/page.tsx' is not a module.
.next/types/app/(dashboard)/veli/leave-requests/page.ts(5,29): error TS2306: File 'C:/Users/Gkulah/Desktop/goos-next.js/goos-web-next.js/src/app/(dashboard)/veli/leave-requests/page.tsx' is not a module.
.next/types/app/(dashboard)/veli/messages/[id]/page.ts(2,24): error TS2306: File 'C:/Users/Gkulah/Desktop/goos-next.js/goos-web-next.js/src/app/(dashboard)/veli/messages/[id]/page.tsx' is not a module.
.next/types/app/(dashboard)/veli/messages/[id]/page.ts(5,29): error TS2306: File 'C:/Users/Gkulah/Desktop/goos-next.js/goos-web-next.js/src/app/(dashboard)/veli/messages/[id]/page.tsx' is not a module.
.next/types/app/(dashboard)/veli/messages/page.ts(2,24): error TS2306: File 'C:/Users/Gkulah/Desktop/goos-next.js/goos-web-next.js/src/app/(dashboard)/veli/messages/page.tsx' is not a module.
.next/types/app/(dashboard)/veli/messages/page.ts(5,29): error TS2306: File 'C:/Users/Gkulah/Desktop/goos-next.js/goos-web-next.js/src/app/(dashboard)/veli/messages/page.tsx' is not a module.
.next/types/app/(dashboard)/veli/notifications/page.ts(2,24): error TS2306: File 'C:/Users/Gkulah/Desktop/goos-next.js/goos-web-next.js/src/app/(dashboard)/veli/notifications/page.tsx' is not a module.
.next/types/app/(dashboard)/veli/notifications/page.ts(5,29): error TS2306: File 'C:/Users/Gkulah/Desktop/goos-next.js/goos-web-next.js/src/app/(dashboard)/veli/notifications/page.tsx' is not a module.
.next/types/app/(dashboard)/veli/profile/page.ts(2,24): error TS2306: File 'C:/Users/Gkulah/Desktop/goos-next.js/goos-web-next.js/src/app/(dashboard)/veli/profile/page.tsx' is not a module.
.next/types/app/(dashboard)/veli/profile/page.ts(5,29): error TS2306: File 'C:/Users/Gkulah/Desktop/goos-next.js/goos-web-next.js/src/app/(dashboard)/veli/profile/page.tsx' is not a module.
src/components/admin/ders-programi/AdminDersProgramiDashboard.tsx(69,17): error TS4104: The type 'readonly ["download", "print", "zoom-in", "zoom-out", "zoom-reset"]' is 'readonly' and cannot be assigned to the mutable type 'PdfAction[]'.
src/components/admin/yemek-listesi/AdminYemekListesiDashboard.tsx(59,17): error TS4104: The type 'readonly ["download", "print", "zoom-in", "zoom-out", "zoom-reset"]' is 'readonly' and cannot be assigned to the mutable type 'PdfAction[]'.
src/components/ogrenci/ders-programi/OgrenciDersProgramiDashboard.tsx(64,17): error TS4104: The type 'readonly ["download", "print", "zoom-in", "zoom-out", "zoom-reset"]' is 'readonly' and cannot be assigned to the mutable type 'PdfAction[]'.
src/components/ogrenci/yemek-listesi/OgrenciYemekListesiDashboard.tsx(64,17): error TS4104: The type 'readonly ["download", "print", "zoom-in", "zoom-out", "zoom-reset"]' is 'readonly' and cannot be assigned to the mutable type 'PdfAction[]'.
src/components/ogretmen/ders-programi/OgretmenDersProgramiDashboard.tsx(64,17): error TS4104: The type 'readonly ["download", "print", "zoom-in", "zoom-out", "zoom-reset"]' is 'readonly' and cannot be assigned to the mutable type 'PdfAction[]'.
src/components/ogretmen/odev/OgretmenOdevDashboard.tsx(4,29): error TS2306: File 'C:/Users/Gkulah/Desktop/goos-next.js/goos-web-next.js/src/modules/odev/hooks/useHomework.ts' is not a module.
src/components/ogretmen/odev/OgretmenOdevDashboard.tsx(5,30): error TS2306: File 'C:/Users/Gkulah/Desktop/goos-next.js/goos-web-next.js/src/modules/odev/components/HomeworkCard.tsx' is not a module.
src/components/ogretmen/odev/OgretmenOdevDashboard.tsx(9,31): error TS2306: File 'C:/Users/Gkulah/Desktop/goos-next.js/goos-web-next.js/src/modules/odev/types/index.ts' is not a module.
src/components/ogretmen/odev/OgretmenOdevDashboard.tsx(85,32): error TS7006: Parameter 'homework' implicitly has an 'any' type.
src/components/ogretmen/yemek-listesi/OgretmenYemekListesiDashboard.tsx(64,17): error TS4104: The type 'readonly ["download", "print", "zoom-in", "zoom-out", "zoom-reset"]' is 'readonly' and cannot be assigned to the mutable type 'PdfAction[]'.
src/components/veli/ders-programi/VeliDersProgramiDashboard.tsx(64,17): error TS4104: The type 'readonly ["download", "print", "zoom-in", "zoom-out", "zoom-reset"]' is 'readonly' and cannot be assigned to the mutable type 'PdfAction[]'.
src/components/veli/yemek-listesi/VeliYemekListesiDashboard.tsx(64,17): error TS4104: The type 'readonly ["download", "print", "zoom-in", "zoom-out", "zoom-reset"]' is 'readonly' and cannot be assigned to the mutable type 'PdfAction[]'.
src/lib/permissions/role-permissions.ts(1,47): error TS2307: Cannot find module './roles' or its corresponding type declarations.
src/modules/odev/hooks/useCreateHomework.ts(2,33): error TS2306: File 'C:/Users/Gkulah/Desktop/goos-next.js/goos-web-next.js/src/modules/odev/services/homework.service.ts' is not a module.
src/modules/odev/hooks/useCreateHomework.ts(3,42): error TS2306: File 'C:/Users/Gkulah/Desktop/goos-next.js/goos-web-next.js/src/modules/odev/types/index.ts' is not a module.
src/modules/pdf-viewer/components/PdfDocument.tsx(4,39): error TS2307: Cannot find module 'react-pdf' or its corresponding type declarations.
